// Jest Snapshot v1, https://goo.gl/fbAQLP

exports[`renders correctly 1`] = `
Array [
  <ul
    className="list"
  >
    <li
      className="li"
    >
      <a
        className="titleLink"
        href="http://example.com"
        onClick={[Function]}
      >
        <h2>
          title
        </h2>
      </a>
      <div
        className="summary"
      >
        <div
          className="postContent"
        >
          <p>
            this is the intro
          </p>
        </div>
      </div>
      <div
        className="postMetaInline small"
      >
        <time
          dateTime={null}
        >
          Invalid date
        </time>
        <span
          className="middotDivider"
        />
        <span
          className="readingTime"
          title="5 mins"
        />
      </div>
    </li>
  </ul>,
  <div>
    <a
      className="page active"
    >
      1
    </a>
  </div>,
]
`;
