// Jest Snapshot v1, https://goo.gl/fbAQLP

exports[`renders correctly 1`] = `
<div>
  <a
    className="page"
    href="/"
    onClick={[Function]}
  >
    1
  </a>
  <a
    className="page active"
  >
    2
  </a>
  <a
    className="page"
    href="/blog/page/3"
    onClick={[Function]}
  >
    3
  </a>
  <a
    className="page"
    href="/blog/page/4"
    onClick={[Function]}
  >
    4
  </a>
</div>
`;
