// Jest Snapshot v1, https://goo.gl/fbAQLP

exports[`renders correctly 1`] = `
<div
  className="footer"
>
  <div
    className="footerContent"
  >
    <span>
      Made with
       
      <span
        aria-label="love"
        role="img"
      >
        ❤️
      </span>
       
      from Barcelona
    </span>
  </div>
</div>
`;
